should render the configmaps for osaa migration if enabled:
  1: |
    apiVersion: v1
    data:
      config.yaml: |
        # Anchore Object Store and Analysis Archive Migration configuration file, mounted from a configmap
        #
    kind: ConfigMap
    metadata:
      annotations:
        bar: baz
        foo: bar
        helm.sh/hook: pre-upgrade
        helm.sh/hook-weight: "0"
      labels:
        app.kubernetes.io/instance: test-release
        app.kubernetes.io/managed-by: Helm
        app.kubernetes.io/name: test-release-enterprise
        app.kubernetes.io/part-of: anchore
        app.kubernetes.io/version: 9.9.9
        bar: baz
        foo: bar
        helm.sh/chart: enterprise-9.9.9
      name: test-release-enterprise-999-osaa-migration-job
      namespace: test-namespace
